// Jest Snapshot v1, https://goo.gl/fbAQLP

exports[`ReleaseList component renders ReleaseList 1`] = `
<ul
  className="ReleaseList"
>
  <li
    key="1"
  >
    <Release
      imageUrl="testUrl.com"
      title="Phil"
    />
  </li>
</ul>
`;
